// Jest Snapshot v1, https://goo.gl/fbAQLP

exports[`renders the home component correctly 1`] = `
<div>
  <body
    class="whole-page"
  >
    <div>
      The home page
      <h1>
        I changed this homepage
      </h1>
      <img
        alt="tree frog"
        src="treefrog.jpg"
      />
      <div>
        <form>
          <label
            for="myTextId"
          >
            Input
          </label>
          <input
            id="myTextId"
            name="myText"
            type="text"
          />
          <label
            for="myDropdownId"
          >
            Input
          </label>
          <select
            id="myDropdownId"
            name="myDropdown"
          >
            <option
              value="foo"
            >
              Foo
            </option>
            <option
              value="bar"
            >
              Bar
            </option>
            <option
              value="baz"
            >
              Baz
            </option>
          </select>
          <input
            type="submit"
            value="Send it"
          />
        </form>
      </div>
    </div>
    <header>
      <div
        class="top-university-name-bar"
      >
        <div
          class="top-university-name"
        >
          <span>
            XXXXXX University
          </span>
        </div>
      </div>
      <div
        class="logo-navbar"
      >
        <div
          class="logo"
        >
          <div
            class="logo2"
          >
            <div
              class="logo-picture"
            >
              <a
                href="/"
              >
                <img
                  alt="XXXXXX University College of Engineering"
                  class="logo-picture2"
                  src="NEUCoE.png"
                />
              </a>
            </div>
            <div
              class="logo-word"
            >
              <div
                class="college-name"
              >
                College of Engineering
              </div>
              <div
                class="program-name"
              >
                Information Systems
              </div>
            </div>
          </div>
        </div>
        <div
          class="navbar"
        >
          <div
            class="navbar2"
          >
            <ul
              class="navbar-items"
            >
              <li
                class="navbar-item"
              >
                <a
                  class="item"
                  href="/about"
                >
                  About
                </a>
              </li>
              <li
                class="navbar-item"
              >
                <a
                  class="item"
                  href="/admissions"
                >
                  Admissions
                </a>
              </li>
              <li
                class="navbar-item"
              >
                <a
                  class="item"
                  href="/people"
                >
                  People
                </a>
              </li>
              <li
                class="navbar-item"
              >
                <a
                  class="item"
                  href="/academics"
                >
                  Academics
                </a>
              </li>
              <li
                class="navbar-item"
              >
                <a
                  class="item"
                  href="/studentlife"
                >
                  Student Life
                </a>
              </li>
              <li
                class="navbar-item"
              >
                <a
                  class="item"
                  href="/research"
                >
                  Research
                </a>
              </li>
              <li
                class="navbar-item"
              >
                <a
                  class="item"
                  href="/newsandevents"
                >
                  News and Events
                </a>
              </li>
            </ul>
          </div>
        </div>
      </div>
    </header>
    <div>
      <main>
        <div
          class="page-cf"
        >
          <div
            class="page-tl"
          >
            <section
              class="post"
            >
              <img
                alt="Seattle campus"
                class="highlightpost"
                src="neusea.png"
              />
            </section>
            <section
              class="degree-bar"
            >
              <div
                class="degree-bar-2"
              >
                <a
                  class="degree-bar-box"
                  href="/bachelor"
                >
                  Bachelor's
                </a>
                <a
                  class="degree-bar-box"
                  href="/master"
                >
                  Master's
                </a>
                <a
                  class="degree-bar-box"
                  href="/doctoral"
                >
                  Doctoral
                </a>
              </div>
            </section>
            <section
              class="new-event"
            >
              <div
                class="new-event-padding"
              >
                <div
                  class="new-evemt-block"
                >
                  <div
                    class="new-event-title"
                  >
                    <h2>
                      Upcoming Events
                    </h2>
                  </div>
                  <div
                    class="new-event-boxes"
                  >
                    <div
                      class="new-event-boxes"
                    >
                      <div
                        class="new-event-box"
                      >
                        <div
                          class="new-event-picture"
                        >
                          <img
                            alt="event1"
                            class="new-event-picture2"
                            src="sea1.jpg"
                          />
                        </div>
                        <div
                          class="new-event-text1"
                        >
                          <div
                            class="fill-color"
                          >
                            <div
                              class="month"
                            >
                              December
                            </div>
                            <div
                              class="day"
                            >
                              19
                            </div>
                          </div>
                          <div
                            class="event-text"
                          >
                            Meet Your Graduate Student Ambassadors!
                          </div>
                        </div>
                      </div>
                      <div
                        class="new-event-box"
                      >
                        <div
                          class="new-event-picture"
                        >
                          <img
                            alt="event2"
                            class="new-event-picture2"
                            src="sea2.jpg"
                          />
                        </div>
                        <div
                          class="new-event-text1"
                        >
                          <div
                            class="fill-color"
                          >
                            <div
                              class="month"
                            >
                              December
                            </div>
                            <div
                              class="day"
                            >
                              20
                            </div>
                          </div>
                          <div
                            class="event-text"
                          >
                            Happy Hours!
                          </div>
                        </div>
                      </div>
                      <div
                        class="new-event-box"
                      >
                        <div
                          class="new-event-picture"
                        >
                          <img
                            alt="event3"
                            class="new-event-picture2"
                            src="sea3.jpg"
                          />
                        </div>
                        <div
                          class="new-event-text1"
                        >
                          <div
                            class="fill-color"
                          >
                            <div
                              class="month"
                            >
                              December
                            </div>
                            <div
                              class="day"
                            >
                              21
                            </div>
                          </div>
                          <div
                            class="event-text"
                          >
                            Prepare For The Next Semester!
                          </div>
                        </div>
                      </div>
                      <div
                        class="new-event-box"
                      >
                        <div
                          class="new-event-picture"
                        >
                          <img
                            alt="event4"
                            class="new-event-picture2"
                            src="sea4.jpg"
                          />
                        </div>
                        <div
                          class="new-event-text1"
                        >
                          <div
                            class="fill-color"
                          >
                            <div
                              class="month"
                            >
                              December
                            </div>
                            <div
                              class="day"
                            >
                              22
                            </div>
                          </div>
                          <div
                            class="event-text"
                          >
                            Work From Home!
                          </div>
                        </div>
                      </div>
                    </div>
                  </div>
                </div>
              </div>
            </section>
          </div>
        </div>
      </main>
    </div>
    <footer
      class="footer"
    >
      <div
        class="footer-top"
      >
        <div
          class="footer-container"
        >
          <h3
            class="footer-text-detail"
          >
            XXXXXX University College of Engineering
          </h3>
          <h3
            class="footer-copyright-color"
          >
            Address here, City, State Postcode | Phone number here
          </h3>
          <h3
            class="footer-copyright-color"
          >
            © Copyright here
          </h3>
        </div>
      </div>
    </footer>
  </body>
</div>
`;
